Archive member included because of file (symbol)

d:/imt_sdk_win_64/winavr/bin/../lib/gcc/avr/4.3.3/avr5\libgcc.a(_exit.o)
                              d:/imt_sdk_win_64/winavr/bin/../lib/gcc/avr/4.3.3/../../../../avr/lib/avr5/crtm32.o (exit)
d:/imt_sdk_win_64/winavr/bin/../lib/gcc/avr/4.3.3/avr5\libgcc.a(_copy_data.o)
                              ./HAL/LCD/lcd_src.o (__do_copy_data)
d:/imt_sdk_win_64/winavr/bin/../lib/gcc/avr/4.3.3/avr5\libgcc.a(_fixunssfsi.o)
                              ./HAL/LCD/lcd_src.o (__fixunssfsi)
d:/imt_sdk_win_64/winavr/bin/../lib/gcc/avr/4.3.3/avr5\libgcc.a(_addsub_sf.o)
                              d:/imt_sdk_win_64/winavr/bin/../lib/gcc/avr/4.3.3/avr5\libgcc.a(_fixunssfsi.o) (__subsf3)
d:/imt_sdk_win_64/winavr/bin/../lib/gcc/avr/4.3.3/avr5\libgcc.a(_mul_sf.o)
                              ./HAL/LCD/lcd_src.o (__mulsf3)
d:/imt_sdk_win_64/winavr/bin/../lib/gcc/avr/4.3.3/avr5\libgcc.a(_gt_sf.o)
                              ./HAL/LCD/lcd_src.o (__gtsf2)
d:/imt_sdk_win_64/winavr/bin/../lib/gcc/avr/4.3.3/avr5\libgcc.a(_ge_sf.o)
                              d:/imt_sdk_win_64/winavr/bin/../lib/gcc/avr/4.3.3/avr5\libgcc.a(_fixunssfsi.o) (__gesf2)
d:/imt_sdk_win_64/winavr/bin/../lib/gcc/avr/4.3.3/avr5\libgcc.a(_lt_sf.o)
                              ./HAL/LCD/lcd_src.o (__ltsf2)
d:/imt_sdk_win_64/winavr/bin/../lib/gcc/avr/4.3.3/avr5\libgcc.a(_sf_to_si.o)
                              d:/imt_sdk_win_64/winavr/bin/../lib/gcc/avr/4.3.3/avr5\libgcc.a(_fixunssfsi.o) (__fixsfsi)
d:/imt_sdk_win_64/winavr/bin/../lib/gcc/avr/4.3.3/avr5\libgcc.a(_thenan_sf.o)
                              d:/imt_sdk_win_64/winavr/bin/../lib/gcc/avr/4.3.3/avr5\libgcc.a(_addsub_sf.o) (__thenan_sf)
d:/imt_sdk_win_64/winavr/bin/../lib/gcc/avr/4.3.3/avr5\libgcc.a(_usi_to_sf.o)
                              ./HAL/LCD/lcd_src.o (__floatunsisf)
d:/imt_sdk_win_64/winavr/bin/../lib/gcc/avr/4.3.3/avr5\libgcc.a(_prologue.o)
                              d:/imt_sdk_win_64/winavr/bin/../lib/gcc/avr/4.3.3/avr5\libgcc.a(_addsub_sf.o) (__prologue_saves__)
d:/imt_sdk_win_64/winavr/bin/../lib/gcc/avr/4.3.3/avr5\libgcc.a(_epilogue.o)
                              d:/imt_sdk_win_64/winavr/bin/../lib/gcc/avr/4.3.3/avr5\libgcc.a(_addsub_sf.o) (__epilogue_restores__)
d:/imt_sdk_win_64/winavr/bin/../lib/gcc/avr/4.3.3/avr5\libgcc.a(_clzsi2.o)
                              d:/imt_sdk_win_64/winavr/bin/../lib/gcc/avr/4.3.3/avr5\libgcc.a(_usi_to_sf.o) (__clzsi2)
d:/imt_sdk_win_64/winavr/bin/../lib/gcc/avr/4.3.3/avr5\libgcc.a(_pack_sf.o)
                              d:/imt_sdk_win_64/winavr/bin/../lib/gcc/avr/4.3.3/avr5\libgcc.a(_addsub_sf.o) (__pack_f)
d:/imt_sdk_win_64/winavr/bin/../lib/gcc/avr/4.3.3/avr5\libgcc.a(_unpack_sf.o)
                              d:/imt_sdk_win_64/winavr/bin/../lib/gcc/avr/4.3.3/avr5\libgcc.a(_addsub_sf.o) (__unpack_f)
d:/imt_sdk_win_64/winavr/bin/../lib/gcc/avr/4.3.3/avr5\libgcc.a(_fpcmp_parts_sf.o)
                              d:/imt_sdk_win_64/winavr/bin/../lib/gcc/avr/4.3.3/avr5\libgcc.a(_gt_sf.o) (__fpcmp_parts_f)
d:/imt_sdk_win_64/winavr/bin/../lib/gcc/avr/4.3.3/avr5\libgcc.a(_clz.o)
                              d:/imt_sdk_win_64/winavr/bin/../lib/gcc/avr/4.3.3/avr5\libgcc.a(_clzsi2.o) (__clz_tab)
d:/imt_sdk_win_64/winavr/bin/../lib/gcc/avr/4.3.3/../../../../avr/lib/avr5\libc.a(itoa.o)
                              ./HAL/LCD/lcd_src.o (itoa)
d:/imt_sdk_win_64/winavr/bin/../lib/gcc/avr/4.3.3/../../../../avr/lib/avr5\libc.a(strrev.o)
                              d:/imt_sdk_win_64/winavr/bin/../lib/gcc/avr/4.3.3/../../../../avr/lib/avr5\libc.a(itoa.o) (strrev)
d:/imt_sdk_win_64/winavr/bin/../lib/gcc/avr/4.3.3/avr5\libgcc.a(_udivmodhi4.o)
                              d:/imt_sdk_win_64/winavr/bin/../lib/gcc/avr/4.3.3/../../../../avr/lib/avr5\libc.a(itoa.o) (__udivmodhi4)

Memory Configuration

Name             Origin             Length             Attributes
text             0x00000000         0x00020000         xr
data             0x00800060         0x0000ffa0         rw !x
eeprom           0x00810000         0x00010000         rw !x
fuse             0x00820000         0x00000400         rw !x
lock             0x00830000         0x00000400         rw !x
signature        0x00840000         0x00000400         rw !x
*default*        0x00000000         0xffffffff

Linker script and memory map

LOAD d:/imt_sdk_win_64/winavr/bin/../lib/gcc/avr/4.3.3/../../../../avr/lib/avr5/crtm32.o
LOAD ./SPI_APP/main.o
LOAD ./MCAL/TIMER_COUNTER/timer_counter_src.o
LOAD ./MCAL/SPI/SPI_SRC.o
LOAD ./MCAL/EXT_INT/int_src.o
LOAD ./MCAL/DIO/dio_src.o
LOAD ./MCAL/ADC/adc_src.o
LOAD ./HAL/LED_BUZZER/led_buzz_src.o
LOAD ./HAL/LCD/lcd_src.o
LOAD ./HAL/KEYPAD/keypad_src.o
LOAD ./HAL/BUTTON/button_src.o
LOAD ./HAL/7SEGMENT/7segment_src.o
LOAD d:/imt_sdk_win_64/winavr/bin/../lib/gcc/avr/4.3.3/avr5\libgcc.a
LOAD d:/imt_sdk_win_64/winavr/bin/../lib/gcc/avr/4.3.3/../../../../avr/lib/avr5\libc.a
LOAD d:/imt_sdk_win_64/winavr/bin/../lib/gcc/avr/4.3.3/avr5\libgcc.a

.hash
 *(.hash)

.dynsym
 *(.dynsym)

.dynstr
 *(.dynstr)

.gnu.version
 *(.gnu.version)

.gnu.version_d
 *(.gnu.version_d)

.gnu.version_r
 *(.gnu.version_r)

.rel.init
 *(.rel.init)

.rela.init
 *(.rela.init)

.rel.text
 *(.rel.text)
 *(.rel.text.*)
 *(.rel.gnu.linkonce.t*)

.rela.text
 *(.rela.text)
 *(.rela.text.*)
 *(.rela.gnu.linkonce.t*)

.rel.fini
 *(.rel.fini)

.rela.fini
 *(.rela.fini)

.rel.rodata
 *(.rel.rodata)
 *(.rel.rodata.*)
 *(.rel.gnu.linkonce.r*)

.rela.rodata
 *(.rela.rodata)
 *(.rela.rodata.*)
 *(.rela.gnu.linkonce.r*)

.rel.data
 *(.rel.data)
 *(.rel.data.*)
 *(.rel.gnu.linkonce.d*)

.rela.data
 *(.rela.data)
 *(.rela.data.*)
 *(.rela.gnu.linkonce.d*)

.rel.ctors
 *(.rel.ctors)

.rela.ctors
 *(.rela.ctors)

.rel.dtors
 *(.rel.dtors)

.rela.dtors
 *(.rela.dtors)

.rel.got
 *(.rel.got)

.rela.got
 *(.rela.got)

.rel.bss
 *(.rel.bss)

.rela.bss
 *(.rela.bss)

.rel.plt
 *(.rel.plt)

.rela.plt
 *(.rela.plt)

.text           0x00000000     0x35ac
 *(.vectors)
 .vectors       0x00000000       0x54 d:/imt_sdk_win_64/winavr/bin/../lib/gcc/avr/4.3.3/../../../../avr/lib/avr5/crtm32.o
                0x00000000                __vectors
                0x00000000                __vector_default
 *(.vectors)
 *(.progmem.gcc*)
 *(.progmem*)
                0x00000054                . = ALIGN (0x2)
                0x00000054                __trampolines_start = .
 *(.trampolines)
 .trampolines   0x00000054        0x0 linker stubs
 *(.trampolines*)
                0x00000054                __trampolines_end = .
 *(.jumptables)
 *(.jumptables*)
 *(.lowtext)
 *(.lowtext*)
                0x00000054                __ctors_start = .
 *(.ctors)
                0x00000054                __ctors_end = .
                0x00000054                __dtors_start = .
 *(.dtors)
                0x00000054                __dtors_end = .
 SORT(*)(.ctors)
 SORT(*)(.dtors)
 *(.init0)
 .init0         0x00000054        0x0 d:/imt_sdk_win_64/winavr/bin/../lib/gcc/avr/4.3.3/../../../../avr/lib/avr5/crtm32.o
                0x00000054                __init
 *(.init0)
 *(.init1)
 *(.init1)
 *(.init2)
 .init2         0x00000054        0xc d:/imt_sdk_win_64/winavr/bin/../lib/gcc/avr/4.3.3/../../../../avr/lib/avr5/crtm32.o
 *(.init2)
 *(.init3)
 *(.init3)
 *(.init4)
 .init4         0x00000060       0x16 d:/imt_sdk_win_64/winavr/bin/../lib/gcc/avr/4.3.3/avr5\libgcc.a(_copy_data.o)
                0x00000060                __do_copy_data
 *(.init4)
 *(.init5)
 *(.init5)
 *(.init6)
 *(.init6)
 *(.init7)
 *(.init7)
 *(.init8)
 *(.init8)
 *(.init9)
 .init9         0x00000076        0x8 d:/imt_sdk_win_64/winavr/bin/../lib/gcc/avr/4.3.3/../../../../avr/lib/avr5/crtm32.o
 *(.init9)
 *(.text)
 .text          0x0000007e        0x4 d:/imt_sdk_win_64/winavr/bin/../lib/gcc/avr/4.3.3/../../../../avr/lib/avr5/crtm32.o
                0x0000007e                __vector_1
                0x0000007e                __vector_12
                0x0000007e                __bad_interrupt
                0x0000007e                __vector_6
                0x0000007e                __vector_3
                0x0000007e                __vector_11
                0x0000007e                __vector_13
                0x0000007e                __vector_17
                0x0000007e                __vector_19
                0x0000007e                __vector_7
                0x0000007e                __vector_5
                0x0000007e                __vector_4
                0x0000007e                __vector_9
                0x0000007e                __vector_2
                0x0000007e                __vector_15
                0x0000007e                __vector_8
                0x0000007e                __vector_14
                0x0000007e                __vector_10
                0x0000007e                __vector_16
                0x0000007e                __vector_18
                0x0000007e                __vector_20
 .text          0x00000082        0x0 ./SPI_APP/main.o
 .text          0x00000082        0x0 ./MCAL/TIMER_COUNTER/timer_counter_src.o
 .text          0x00000082        0x0 ./MCAL/SPI/SPI_SRC.o
 .text          0x00000082        0x0 ./MCAL/EXT_INT/int_src.o
 .text          0x00000082        0x0 ./MCAL/DIO/dio_src.o
 .text          0x00000082        0x0 ./MCAL/ADC/adc_src.o
 .text          0x00000082        0x0 ./HAL/LED_BUZZER/led_buzz_src.o
 .text          0x00000082        0x0 ./HAL/LCD/lcd_src.o
 .text          0x00000082        0x0 ./HAL/KEYPAD/keypad_src.o
 .text          0x00000082        0x0 ./HAL/BUTTON/button_src.o
 .text          0x00000082        0x0 ./HAL/7SEGMENT/7segment_src.o
 .text          0x00000082        0x0 d:/imt_sdk_win_64/winavr/bin/../lib/gcc/avr/4.3.3/avr5\libgcc.a(_exit.o)
 .text          0x00000082        0x0 d:/imt_sdk_win_64/winavr/bin/../lib/gcc/avr/4.3.3/avr5\libgcc.a(_copy_data.o)
 .text          0x00000082       0x58 d:/imt_sdk_win_64/winavr/bin/../lib/gcc/avr/4.3.3/avr5\libgcc.a(_fixunssfsi.o)
                0x00000082                __fixunssfsi
 .text          0x000000da      0x354 d:/imt_sdk_win_64/winavr/bin/../lib/gcc/avr/4.3.3/avr5\libgcc.a(_addsub_sf.o)
                0x00000372                __subsf3
                0x000003d4                __addsf3
 .text          0x0000042e      0x1f4 d:/imt_sdk_win_64/winavr/bin/../lib/gcc/avr/4.3.3/avr5\libgcc.a(_mul_sf.o)
                0x0000042e                __mulsf3
 .text          0x00000622       0x60 d:/imt_sdk_win_64/winavr/bin/../lib/gcc/avr/4.3.3/avr5\libgcc.a(_gt_sf.o)
                0x00000622                __gtsf2
 .text          0x00000682       0x60 d:/imt_sdk_win_64/winavr/bin/../lib/gcc/avr/4.3.3/avr5\libgcc.a(_ge_sf.o)
                0x00000682                __gesf2
 .text          0x000006e2       0x60 d:/imt_sdk_win_64/winavr/bin/../lib/gcc/avr/4.3.3/avr5\libgcc.a(_lt_sf.o)
                0x000006e2                __ltsf2
 .text          0x00000742       0xa8 d:/imt_sdk_win_64/winavr/bin/../lib/gcc/avr/4.3.3/avr5\libgcc.a(_sf_to_si.o)
                0x00000742                __fixsfsi
 .text          0x000007ea        0x0 d:/imt_sdk_win_64/winavr/bin/../lib/gcc/avr/4.3.3/avr5\libgcc.a(_thenan_sf.o)
 .text          0x000007ea       0xf2 d:/imt_sdk_win_64/winavr/bin/../lib/gcc/avr/4.3.3/avr5\libgcc.a(_usi_to_sf.o)
                0x000007ea                __floatunsisf
 .text          0x000008dc        0x0 d:/imt_sdk_win_64/winavr/bin/../lib/gcc/avr/4.3.3/avr5\libgcc.a(_prologue.o)
 .text          0x000008dc        0x0 d:/imt_sdk_win_64/winavr/bin/../lib/gcc/avr/4.3.3/avr5\libgcc.a(_epilogue.o)
 .text          0x000008dc       0x9e d:/imt_sdk_win_64/winavr/bin/../lib/gcc/avr/4.3.3/avr5\libgcc.a(_clzsi2.o)
                0x000008dc                __clzsi2
 .text          0x0000097a      0x1aa d:/imt_sdk_win_64/winavr/bin/../lib/gcc/avr/4.3.3/avr5\libgcc.a(_pack_sf.o)
                0x0000097a                __pack_f
 .text          0x00000b24       0xf0 d:/imt_sdk_win_64/winavr/bin/../lib/gcc/avr/4.3.3/avr5\libgcc.a(_unpack_sf.o)
                0x00000b24                __unpack_f
 .text          0x00000c14       0xb2 d:/imt_sdk_win_64/winavr/bin/../lib/gcc/avr/4.3.3/avr5\libgcc.a(_fpcmp_parts_sf.o)
                0x00000c14                __fpcmp_parts_f
 .text          0x00000cc6        0x0 d:/imt_sdk_win_64/winavr/bin/../lib/gcc/avr/4.3.3/avr5\libgcc.a(_clz.o)
 .text          0x00000cc6        0x0 d:/imt_sdk_win_64/winavr/bin/../lib/gcc/avr/4.3.3/../../../../avr/lib/avr5\libc.a(itoa.o)
 .text          0x00000cc6        0x0 d:/imt_sdk_win_64/winavr/bin/../lib/gcc/avr/4.3.3/../../../../avr/lib/avr5\libc.a(strrev.o)
 .text          0x00000cc6        0x0 d:/imt_sdk_win_64/winavr/bin/../lib/gcc/avr/4.3.3/avr5\libgcc.a(_udivmodhi4.o)
                0x00000cc6                . = ALIGN (0x2)
 *(.text.*)
 .text.main     0x00000cc6       0x4c ./SPI_APP/main.o
                0x00000cc6                main
 .text.Timer_0_Init
                0x00000d12       0x4a ./MCAL/TIMER_COUNTER/timer_counter_src.o
                0x00000d12                Timer_0_Init
 .text.Timer_0_Start_Count
                0x00000d5c       0x1c ./MCAL/TIMER_COUNTER/timer_counter_src.o
                0x00000d5c                Timer_0_Start_Count
 .text.Timer_0_Base_Count_Set
                0x00000d78       0x1c ./MCAL/TIMER_COUNTER/timer_counter_src.o
                0x00000d78                Timer_0_Base_Count_Set
 .text.Timer_0_CMP_Max_Set
                0x00000d94       0x1c ./MCAL/TIMER_COUNTER/timer_counter_src.o
                0x00000d94                Timer_0_CMP_Max_Set
 .text.Timer_2_Init
                0x00000db0       0x48 ./MCAL/TIMER_COUNTER/timer_counter_src.o
                0x00000db0                Timer_2_Init
 .text.Timer_2_Start_Count
                0x00000df8       0x1c ./MCAL/TIMER_COUNTER/timer_counter_src.o
                0x00000df8                Timer_2_Start_Count
 .text.Timer_2_Base_Count_Set
                0x00000e14       0x1c ./MCAL/TIMER_COUNTER/timer_counter_src.o
                0x00000e14                Timer_2_Base_Count_Set
 .text.Timer_2_CMP_Max_Set
                0x00000e30       0x1c ./MCAL/TIMER_COUNTER/timer_counter_src.o
                0x00000e30                Timer_2_CMP_Max_Set
 .text.Timer_0_1_Scaler_Reset
                0x00000e4c       0x1c ./MCAL/TIMER_COUNTER/timer_counter_src.o
                0x00000e4c                Timer_0_1_Scaler_Reset
 .text.Timer_1_Init
                0x00000e68       0x9a ./MCAL/TIMER_COUNTER/timer_counter_src.o
                0x00000e68                Timer_1_Init
 .text.Timer_1_Start_Count
                0x00000f02       0x1c ./MCAL/TIMER_COUNTER/timer_counter_src.o
                0x00000f02                Timer_1_Start_Count
 .text.Timer_1_Base_Count_Set
                0x00000f1e       0x24 ./MCAL/TIMER_COUNTER/timer_counter_src.o
                0x00000f1e                Timer_1_Base_Count_Set
 .text.Timer_1_CMP_A_Max_Set
                0x00000f42       0x24 ./MCAL/TIMER_COUNTER/timer_counter_src.o
                0x00000f42                Timer_1_CMP_A_Max_Set
 .text.Timer_1_CMP_B_Max_Set
                0x00000f66       0x24 ./MCAL/TIMER_COUNTER/timer_counter_src.o
                0x00000f66                Timer_1_CMP_B_Max_Set
 .text.Timer_1_TOG_INP_CPT_UNIT_Sense
                0x00000f8a       0x1e ./MCAL/TIMER_COUNTER/timer_counter_src.o
                0x00000f8a                Timer_1_TOG_INP_CPT_UNIT_Sense
 .text.SPI_Master_Init
                0x00000fa8       0xa0 ./MCAL/SPI/SPI_SRC.o
                0x00000fa8                SPI_Master_Init
 .text.SPI_SLAVE_Init
                0x00001048       0xa0 ./MCAL/SPI/SPI_SRC.o
                0x00001048                SPI_SLAVE_Init
 .text.SPI_MASTER_Slave_SELECTION_ON
                0x000010e8       0x1a ./MCAL/SPI/SPI_SRC.o
                0x000010e8                SPI_MASTER_Slave_SELECTION_ON
 .text.SPI_MASTER_Slave_SELECTION_OFF
                0x00001102       0x1a ./MCAL/SPI/SPI_SRC.o
                0x00001102                SPI_MASTER_Slave_SELECTION_OFF
 .text.SPI_INT_ENABLE
                0x0000111c       0x20 ./MCAL/SPI/SPI_SRC.o
                0x0000111c                SPI_INT_ENABLE
 .text.SPI_u8_TRANCIEVE_BYTE_POLLING
                0x0000113c       0x2c ./MCAL/SPI/SPI_SRC.o
                0x0000113c                SPI_u8_TRANCIEVE_BYTE_POLLING
 .text.SPI_s8_TRANCIEVE_BYTE_POLLING
                0x00001168       0x2c ./MCAL/SPI/SPI_SRC.o
                0x00001168                SPI_s8_TRANCIEVE_BYTE_POLLING
 .text.SPI_u8_Send_STRING_POLLING
                0x00001194       0x52 ./MCAL/SPI/SPI_SRC.o
                0x00001194                SPI_u8_Send_STRING_POLLING
 .text.EXT_INT_Global_Enable
                0x000011e6       0x1c ./MCAL/EXT_INT/int_src.o
                0x000011e6                EXT_INT_Global_Enable
 .text.EXT_INT_0_Enable
                0x00001202       0x28 ./MCAL/EXT_INT/int_src.o
                0x00001202                EXT_INT_0_Enable
 .text.EXT_INT_0_ChMod
                0x0000122a       0x3c ./MCAL/EXT_INT/int_src.o
                0x0000122a                EXT_INT_0_ChMod
 .text.EXT_INT_1_Enable
                0x00001266       0x28 ./MCAL/EXT_INT/int_src.o
                0x00001266                EXT_INT_1_Enable
 .text.EXT_INT_1_ChMod
                0x0000128e       0x3c ./MCAL/EXT_INT/int_src.o
                0x0000128e                EXT_INT_1_ChMod
 .text.EXT_INT_2_Enable
                0x000012ca       0x2a ./MCAL/EXT_INT/int_src.o
                0x000012ca                EXT_INT_2_Enable
 .text.EXT_INT_2_Toggle
                0x000012f4       0x1e ./MCAL/EXT_INT/int_src.o
                0x000012f4                EXT_INT_2_Toggle
 .text.EXT_INT_Global_Disable
                0x00001312       0x1c ./MCAL/EXT_INT/int_src.o
                0x00001312                EXT_INT_Global_Disable
 .text.EXT_INT_Global_Toggle
                0x0000132e       0x1e ./MCAL/EXT_INT/int_src.o
                0x0000132e                EXT_INT_Global_Toggle
 .text.DIO_u8Set_Port_Dir
                0x0000134c       0x90 ./MCAL/DIO/dio_src.o
                0x0000134c                DIO_u8Set_Port_Dir
 .text.DIO_u8Set_Port_Val
                0x000013dc       0x90 ./MCAL/DIO/dio_src.o
                0x000013dc                DIO_u8Set_Port_Val
 .text.DIO_u8Get_Port_Val
                0x0000146c       0xa4 ./MCAL/DIO/dio_src.o
                0x0000146c                DIO_u8Get_Port_Val
 .text.DIO_u8TOG_PORT_Val
                0x00001510       0xa2 ./MCAL/DIO/dio_src.o
                0x00001510                DIO_u8TOG_PORT_Val
 .text.DIO_u8Set_Pin_Dir
                0x000015b2      0x224 ./MCAL/DIO/dio_src.o
                0x000015b2                DIO_u8Set_Pin_Dir
 .text.DIO_u8Set_Pin_Val
                0x000017d6      0x224 ./MCAL/DIO/dio_src.o
                0x000017d6                DIO_u8Set_Pin_Val
 .text.DIO_u8Get_Pin_Val
                0x000019fa      0x126 ./MCAL/DIO/dio_src.o
                0x000019fa                DIO_u8Get_Pin_Val
 .text.DIO_u8TOG_Pin_Val
                0x00001b20      0x116 ./MCAL/DIO/dio_src.o
                0x00001b20                DIO_u8TOG_Pin_Val
 .text.ADC_INIT
                0x00001c36       0x54 ./MCAL/ADC/adc_src.o
                0x00001c36                ADC_INIT
 .text.ADC_u16_Read_
                0x00001c8a       0x7e ./MCAL/ADC/adc_src.o
                0x00001c8a                ADC_u16_Read_
 .text.Led_String_u8Set_Dir
                0x00001d08       0x16 ./HAL/LED_BUZZER/led_buzz_src.o
                0x00001d08                Led_String_u8Set_Dir
 .text.Led_Pin_u8Set_Dir
                0x00001d1e       0x18 ./HAL/LED_BUZZER/led_buzz_src.o
                0x00001d1e                Led_Pin_u8Set_Dir
 .text.Led_String_u8Set_On_Off
                0x00001d36       0x1c ./HAL/LED_BUZZER/led_buzz_src.o
                0x00001d36                Led_String_u8Set_On_Off
 .text.Led_Pin_u8Set_On_Off
                0x00001d52       0x1e ./HAL/LED_BUZZER/led_buzz_src.o
                0x00001d52                Led_Pin_u8Set_On_Off
 .text.Led_Pin_u8Tog_Val
                0x00001d70       0x16 ./HAL/LED_BUZZER/led_buzz_src.o
                0x00001d70                Led_Pin_u8Tog_Val
 .text.LCD_Write_CMD
                0x00001d86      0x1d6 ./HAL/LCD/lcd_src.o
                0x00001d86                LCD_Write_CMD
 .text.LCD_Init
                0x00001f5c      0x490 ./HAL/LCD/lcd_src.o
                0x00001f5c                LCD_Init
 .text.LCD_CLR_SCR
                0x000023ec      0x110 ./HAL/LCD/lcd_src.o
                0x000023ec                LCD_CLR_SCR
 .text.LCD_WRITE_CHAR
                0x000024fc      0x1d6 ./HAL/LCD/lcd_src.o
                0x000024fc                LCD_WRITE_CHAR
 .text.LCD_WRITE_STRING
                0x000026d2       0x52 ./HAL/LCD/lcd_src.o
                0x000026d2                LCD_WRITE_STRING
 .text.LCD_WRITE_STRING_Delayed
                0x00002724      0x158 ./HAL/LCD/lcd_src.o
                0x00002724                LCD_WRITE_STRING_Delayed
 .text.LCD_Entry_Mode_Arabic
                0x0000287c      0x110 ./HAL/LCD/lcd_src.o
                0x0000287c                LCD_Entry_Mode_Arabic
 .text.LCD_GoTo_X_Y
                0x0000298c       0x50 ./HAL/LCD/lcd_src.o
                0x0000298c                LCD_GoTo_X_Y
 .text.LCD_Return_Home
                0x000029dc      0x110 ./HAL/LCD/lcd_src.o
                0x000029dc                LCD_Return_Home
 .text.LCD_Write_INT
                0x00002aec       0x42 ./HAL/LCD/lcd_src.o
                0x00002aec                LCD_Write_INT
 .text.LCD_SHIFT_Cursor_Left
                0x00002b2e      0x110 ./HAL/LCD/lcd_src.o
                0x00002b2e                LCD_SHIFT_Cursor_Left
 .text.LCD_SHIFT_Cursor_Right
                0x00002c3e      0x110 ./HAL/LCD/lcd_src.o
                0x00002c3e                LCD_SHIFT_Cursor_Right
 .text.LCD_SHIFT_Display_Right
                0x00002d4e      0x110 ./HAL/LCD/lcd_src.o
                0x00002d4e                LCD_SHIFT_Display_Right
 .text.LCD_SHIFT_Display_Left
                0x00002e5e      0x110 ./HAL/LCD/lcd_src.o
                0x00002e5e                LCD_SHIFT_Display_Left
 .text.LCD_JMP_Bottom_Left
                0x00002f6e      0x110 ./HAL/LCD/lcd_src.o
                0x00002f6e                LCD_JMP_Bottom_Left
 .text.LCD_JMP_UP_Left
                0x0000307e      0x110 ./HAL/LCD/lcd_src.o
                0x0000307e                LCD_JMP_UP_Left
 .text.Keypad_Int
                0x0000318e       0xae ./HAL/KEYPAD/keypad_src.o
                0x0000318e                Keypad_Int
 .text.Keypad_u8Selector
                0x0000323c      0x1c8 ./HAL/KEYPAD/keypad_src.o
                0x0000323c                Keypad_u8Selector
 .text.Button_String_u8Set_Dir
                0x00003404       0x1e ./HAL/BUTTON/button_src.o
                0x00003404                Button_String_u8Set_Dir
 .text.Button_Pin_u8Set_Dir
                0x00003422       0x22 ./HAL/BUTTON/button_src.o
                0x00003422                Button_Pin_u8Set_Dir
 .text.Button_Pin_u8Get_Val
                0x00003444       0x26 ./HAL/BUTTON/button_src.o
                0x00003444                Button_Pin_u8Get_Val
 .text.Seven_Seg_u8Set_Dir
                0x0000346a       0x16 ./HAL/7SEGMENT/7segment_src.o
                0x0000346a                Seven_Seg_u8Set_Dir
 .text.Seven_Seg_u8Set_Val
                0x00003480       0x30 ./HAL/7SEGMENT/7segment_src.o
                0x00003480                Seven_Seg_u8Set_Val
 .text.libgcc   0x000034b0        0x0 d:/imt_sdk_win_64/winavr/bin/../lib/gcc/avr/4.3.3/avr5\libgcc.a(_exit.o)
 .text.libgcc   0x000034b0        0x0 d:/imt_sdk_win_64/winavr/bin/../lib/gcc/avr/4.3.3/avr5\libgcc.a(_copy_data.o)
 .text.libgcc   0x000034b0       0x38 d:/imt_sdk_win_64/winavr/bin/../lib/gcc/avr/4.3.3/avr5\libgcc.a(_prologue.o)
                0x000034b0                __prologue_saves__
 .text.libgcc   0x000034e8       0x36 d:/imt_sdk_win_64/winavr/bin/../lib/gcc/avr/4.3.3/avr5\libgcc.a(_epilogue.o)
                0x000034e8                __epilogue_restores__
 .text.avr-libc
                0x0000351e       0x42 d:/imt_sdk_win_64/winavr/bin/../lib/gcc/avr/4.3.3/../../../../avr/lib/avr5\libc.a(itoa.o)
                0x0000351e                itoa
 .text.avr-libc
                0x00003560       0x20 d:/imt_sdk_win_64/winavr/bin/../lib/gcc/avr/4.3.3/../../../../avr/lib/avr5\libc.a(strrev.o)
                0x00003560                strrev
 .text.libgcc   0x00003580       0x28 d:/imt_sdk_win_64/winavr/bin/../lib/gcc/avr/4.3.3/avr5\libgcc.a(_udivmodhi4.o)
                0x00003580                __udivmodhi4
                0x000035a8                . = ALIGN (0x2)
 *(.fini9)
 .fini9         0x000035a8        0x0 d:/imt_sdk_win_64/winavr/bin/../lib/gcc/avr/4.3.3/avr5\libgcc.a(_exit.o)
                0x000035a8                exit
                0x000035a8                _exit
 *(.fini9)
 *(.fini8)
 *(.fini8)
 *(.fini7)
 *(.fini7)
 *(.fini6)
 *(.fini6)
 *(.fini5)
 *(.fini5)
 *(.fini4)
 *(.fini4)
 *(.fini3)
 *(.fini3)
 *(.fini2)
 *(.fini2)
 *(.fini1)
 *(.fini1)
 *(.fini0)
 .fini0         0x000035a8        0x4 d:/imt_sdk_win_64/winavr/bin/../lib/gcc/avr/4.3.3/avr5\libgcc.a(_exit.o)
 *(.fini0)
                0x000035ac                _etext = .

.data           0x00800060      0x162 load address 0x000035ac
                0x00800060                PROVIDE (__data_start, .)
 *(.data)
 .data          0x00800060        0x0 d:/imt_sdk_win_64/winavr/bin/../lib/gcc/avr/4.3.3/../../../../avr/lib/avr5/crtm32.o
 .data          0x00800060        0x0 ./SPI_APP/main.o
 .data          0x00800060        0x0 ./MCAL/TIMER_COUNTER/timer_counter_src.o
 .data          0x00800060        0x0 ./MCAL/SPI/SPI_SRC.o
 .data          0x00800060        0x0 ./MCAL/EXT_INT/int_src.o
 .data          0x00800060        0x0 ./MCAL/DIO/dio_src.o
 .data          0x00800060        0x0 ./MCAL/ADC/adc_src.o
 .data          0x00800060        0x0 ./HAL/LED_BUZZER/led_buzz_src.o
 .data          0x00800060        0x0 ./HAL/LCD/lcd_src.o
 .data          0x00800060        0x0 ./HAL/KEYPAD/keypad_src.o
 .data          0x00800060        0x0 ./HAL/BUTTON/button_src.o
 .data          0x00800060        0x0 ./HAL/7SEGMENT/7segment_src.o
 .data          0x00800060        0x0 d:/imt_sdk_win_64/winavr/bin/../lib/gcc/avr/4.3.3/avr5\libgcc.a(_exit.o)
 .data          0x00800060        0x0 d:/imt_sdk_win_64/winavr/bin/../lib/gcc/avr/4.3.3/avr5\libgcc.a(_copy_data.o)
 .data          0x00800060        0x0 d:/imt_sdk_win_64/winavr/bin/../lib/gcc/avr/4.3.3/avr5\libgcc.a(_fixunssfsi.o)
 .data          0x00800060        0x0 d:/imt_sdk_win_64/winavr/bin/../lib/gcc/avr/4.3.3/avr5\libgcc.a(_addsub_sf.o)
 .data          0x00800060        0x0 d:/imt_sdk_win_64/winavr/bin/../lib/gcc/avr/4.3.3/avr5\libgcc.a(_mul_sf.o)
 .data          0x00800060        0x0 d:/imt_sdk_win_64/winavr/bin/../lib/gcc/avr/4.3.3/avr5\libgcc.a(_gt_sf.o)
 .data          0x00800060        0x0 d:/imt_sdk_win_64/winavr/bin/../lib/gcc/avr/4.3.3/avr5\libgcc.a(_ge_sf.o)
 .data          0x00800060        0x0 d:/imt_sdk_win_64/winavr/bin/../lib/gcc/avr/4.3.3/avr5\libgcc.a(_lt_sf.o)
 .data          0x00800060        0x0 d:/imt_sdk_win_64/winavr/bin/../lib/gcc/avr/4.3.3/avr5\libgcc.a(_sf_to_si.o)
 .data          0x00800060        0x8 d:/imt_sdk_win_64/winavr/bin/../lib/gcc/avr/4.3.3/avr5\libgcc.a(_thenan_sf.o)
                0x00800060                __thenan_sf
 .data          0x00800068        0x0 d:/imt_sdk_win_64/winavr/bin/../lib/gcc/avr/4.3.3/avr5\libgcc.a(_usi_to_sf.o)
 .data          0x00800068        0x0 d:/imt_sdk_win_64/winavr/bin/../lib/gcc/avr/4.3.3/avr5\libgcc.a(_prologue.o)
 .data          0x00800068        0x0 d:/imt_sdk_win_64/winavr/bin/../lib/gcc/avr/4.3.3/avr5\libgcc.a(_epilogue.o)
 .data          0x00800068        0x0 d:/imt_sdk_win_64/winavr/bin/../lib/gcc/avr/4.3.3/avr5\libgcc.a(_clzsi2.o)
 .data          0x00800068        0x0 d:/imt_sdk_win_64/winavr/bin/../lib/gcc/avr/4.3.3/avr5\libgcc.a(_pack_sf.o)
 .data          0x00800068        0x0 d:/imt_sdk_win_64/winavr/bin/../lib/gcc/avr/4.3.3/avr5\libgcc.a(_unpack_sf.o)
 .data          0x00800068        0x0 d:/imt_sdk_win_64/winavr/bin/../lib/gcc/avr/4.3.3/avr5\libgcc.a(_fpcmp_parts_sf.o)
 .data          0x00800068      0x100 d:/imt_sdk_win_64/winavr/bin/../lib/gcc/avr/4.3.3/avr5\libgcc.a(_clz.o)
                0x00800068                __clz_tab
 .data          0x00800168        0x0 d:/imt_sdk_win_64/winavr/bin/../lib/gcc/avr/4.3.3/../../../../avr/lib/avr5\libc.a(itoa.o)
 .data          0x00800168        0x0 d:/imt_sdk_win_64/winavr/bin/../lib/gcc/avr/4.3.3/../../../../avr/lib/avr5\libc.a(strrev.o)
 .data          0x00800168        0x0 d:/imt_sdk_win_64/winavr/bin/../lib/gcc/avr/4.3.3/avr5\libgcc.a(_udivmodhi4.o)
 *(.data*)
 *(.rodata)
 *(.rodata*)
 .rodata.LCD_u8CustomCharArray
                0x00800168       0x40 ./HAL/LCD/lcd_src.o
                0x00800168                LCD_u8CustomCharArray
 .rodata.C.0.1311
                0x008001a8       0x10 ./HAL/KEYPAD/keypad_src.o
 .rodata.u8SevenSegArray
                0x008001b8        0xa ./HAL/7SEGMENT/7segment_src.o
                0x008001b8                u8SevenSegArray
 *(.gnu.linkonce.d*)
                0x008001c2                . = ALIGN (0x2)
                0x008001c2                _edata = .
                0x008001c2                PROVIDE (__data_end, .)

.bss            0x008001c2        0x0
                0x008001c2                PROVIDE (__bss_start, .)
 *(.bss)
 .bss           0x008001c2        0x0 d:/imt_sdk_win_64/winavr/bin/../lib/gcc/avr/4.3.3/../../../../avr/lib/avr5/crtm32.o
 .bss           0x008001c2        0x0 ./SPI_APP/main.o
 .bss           0x008001c2        0x0 ./MCAL/TIMER_COUNTER/timer_counter_src.o
 .bss           0x008001c2        0x0 ./MCAL/SPI/SPI_SRC.o
 .bss           0x008001c2        0x0 ./MCAL/EXT_INT/int_src.o
 .bss           0x008001c2        0x0 ./MCAL/DIO/dio_src.o
 .bss           0x008001c2        0x0 ./MCAL/ADC/adc_src.o
 .bss           0x008001c2        0x0 ./HAL/LED_BUZZER/led_buzz_src.o
 .bss           0x008001c2        0x0 ./HAL/LCD/lcd_src.o
 .bss           0x008001c2        0x0 ./HAL/KEYPAD/keypad_src.o
 .bss           0x008001c2        0x0 ./HAL/BUTTON/button_src.o
 .bss           0x008001c2        0x0 ./HAL/7SEGMENT/7segment_src.o
 .bss           0x008001c2        0x0 d:/imt_sdk_win_64/winavr/bin/../lib/gcc/avr/4.3.3/avr5\libgcc.a(_exit.o)
 .bss           0x008001c2        0x0 d:/imt_sdk_win_64/winavr/bin/../lib/gcc/avr/4.3.3/avr5\libgcc.a(_copy_data.o)
 .bss           0x008001c2        0x0 d:/imt_sdk_win_64/winavr/bin/../lib/gcc/avr/4.3.3/avr5\libgcc.a(_fixunssfsi.o)
 .bss           0x008001c2        0x0 d:/imt_sdk_win_64/winavr/bin/../lib/gcc/avr/4.3.3/avr5\libgcc.a(_addsub_sf.o)
 .bss           0x008001c2        0x0 d:/imt_sdk_win_64/winavr/bin/../lib/gcc/avr/4.3.3/avr5\libgcc.a(_mul_sf.o)
 .bss           0x008001c2        0x0 d:/imt_sdk_win_64/winavr/bin/../lib/gcc/avr/4.3.3/avr5\libgcc.a(_gt_sf.o)
 .bss           0x008001c2        0x0 d:/imt_sdk_win_64/winavr/bin/../lib/gcc/avr/4.3.3/avr5\libgcc.a(_ge_sf.o)
 .bss           0x008001c2        0x0 d:/imt_sdk_win_64/winavr/bin/../lib/gcc/avr/4.3.3/avr5\libgcc.a(_lt_sf.o)
 .bss           0x008001c2        0x0 d:/imt_sdk_win_64/winavr/bin/../lib/gcc/avr/4.3.3/avr5\libgcc.a(_sf_to_si.o)
 .bss           0x008001c2        0x0 d:/imt_sdk_win_64/winavr/bin/../lib/gcc/avr/4.3.3/avr5\libgcc.a(_thenan_sf.o)
 .bss           0x008001c2        0x0 d:/imt_sdk_win_64/winavr/bin/../lib/gcc/avr/4.3.3/avr5\libgcc.a(_usi_to_sf.o)
 .bss           0x008001c2        0x0 d:/imt_sdk_win_64/winavr/bin/../lib/gcc/avr/4.3.3/avr5\libgcc.a(_prologue.o)
 .bss           0x008001c2        0x0 d:/imt_sdk_win_64/winavr/bin/../lib/gcc/avr/4.3.3/avr5\libgcc.a(_epilogue.o)
 .bss           0x008001c2        0x0 d:/imt_sdk_win_64/winavr/bin/../lib/gcc/avr/4.3.3/avr5\libgcc.a(_clzsi2.o)
 .bss           0x008001c2        0x0 d:/imt_sdk_win_64/winavr/bin/../lib/gcc/avr/4.3.3/avr5\libgcc.a(_pack_sf.o)
 .bss           0x008001c2        0x0 d:/imt_sdk_win_64/winavr/bin/../lib/gcc/avr/4.3.3/avr5\libgcc.a(_unpack_sf.o)
 .bss           0x008001c2        0x0 d:/imt_sdk_win_64/winavr/bin/../lib/gcc/avr/4.3.3/avr5\libgcc.a(_fpcmp_parts_sf.o)
 .bss           0x008001c2        0x0 d:/imt_sdk_win_64/winavr/bin/../lib/gcc/avr/4.3.3/avr5\libgcc.a(_clz.o)
 .bss           0x008001c2        0x0 d:/imt_sdk_win_64/winavr/bin/../lib/gcc/avr/4.3.3/../../../../avr/lib/avr5\libc.a(itoa.o)
 .bss           0x008001c2        0x0 d:/imt_sdk_win_64/winavr/bin/../lib/gcc/avr/4.3.3/../../../../avr/lib/avr5\libc.a(strrev.o)
 .bss           0x008001c2        0x0 d:/imt_sdk_win_64/winavr/bin/../lib/gcc/avr/4.3.3/avr5\libgcc.a(_udivmodhi4.o)
 *(.bss*)
 *(COMMON)
                0x008001c2                PROVIDE (__bss_end, .)
                0x000035ac                __data_load_start = LOADADDR (.data)
                0x0000370e                __data_load_end = (__data_load_start + SIZEOF (.data))

.noinit         0x008001c2        0x0
                0x008001c2                PROVIDE (__noinit_start, .)
 *(.noinit*)
                0x008001c2                PROVIDE (__noinit_end, .)
                0x008001c2                _end = .
                0x008001c2                PROVIDE (__heap_start, .)

.eeprom         0x00810000        0x0
 *(.eeprom*)
                0x00810000                __eeprom_end = .

.fuse
 *(.fuse)
 *(.lfuse)
 *(.hfuse)
 *(.efuse)

.lock
 *(.lock*)

.signature
 *(.signature*)

.stab           0x00000000     0x396c
 *(.stab)
 .stab          0x00000000      0x1f8 ./SPI_APP/main.o
 .stab          0x000001f8      0x570 ./MCAL/TIMER_COUNTER/timer_counter_src.o
                                0x57c (size before relaxing)
 .stab          0x00000768      0x480 ./MCAL/SPI/SPI_SRC.o
                                0x48c (size before relaxing)
 .stab          0x00000be8      0x354 ./MCAL/EXT_INT/int_src.o
                                0x360 (size before relaxing)
 .stab          0x00000f3c      0x8a0 ./MCAL/DIO/dio_src.o
                                0x8ac (size before relaxing)
 .stab          0x000017dc      0x258 ./MCAL/ADC/adc_src.o
                                0x264 (size before relaxing)
 .stab          0x00001a34      0x258 ./HAL/LED_BUZZER/led_buzz_src.o
                                0x264 (size before relaxing)
 .stab          0x00001c8c     0x1530 ./HAL/LCD/lcd_src.o
                               0x153c (size before relaxing)
 .stab          0x000031bc      0x3d8 ./HAL/KEYPAD/keypad_src.o
                                0x570 (size before relaxing)
 .stab          0x00003594      0x204 ./HAL/BUTTON/button_src.o
                                0x210 (size before relaxing)
 .stab          0x00003798      0x1d4 ./HAL/7SEGMENT/7segment_src.o
                                0x1e0 (size before relaxing)

.stabstr        0x00000000     0x1572
 *(.stabstr)
 .stabstr       0x00000000     0x1572 ./SPI_APP/main.o

.stab.excl
 *(.stab.excl)

.stab.exclstr
 *(.stab.exclstr)

.stab.index
 *(.stab.index)

.stab.indexstr
 *(.stab.indexstr)

.comment
 *(.comment)

.debug
 *(.debug)

.line
 *(.line)

.debug_srcinfo
 *(.debug_srcinfo)

.debug_sfnames
 *(.debug_sfnames)

.debug_aranges  0x00000000      0x180
 *(.debug_aranges)
 .debug_aranges
                0x00000000       0x20 d:/imt_sdk_win_64/winavr/bin/../lib/gcc/avr/4.3.3/avr5\libgcc.a(_fixunssfsi.o)
 .debug_aranges
                0x00000020       0x20 d:/imt_sdk_win_64/winavr/bin/../lib/gcc/avr/4.3.3/avr5\libgcc.a(_addsub_sf.o)
 .debug_aranges
                0x00000040       0x20 d:/imt_sdk_win_64/winavr/bin/../lib/gcc/avr/4.3.3/avr5\libgcc.a(_mul_sf.o)
 .debug_aranges
                0x00000060       0x20 d:/imt_sdk_win_64/winavr/bin/../lib/gcc/avr/4.3.3/avr5\libgcc.a(_gt_sf.o)
 .debug_aranges
                0x00000080       0x20 d:/imt_sdk_win_64/winavr/bin/../lib/gcc/avr/4.3.3/avr5\libgcc.a(_ge_sf.o)
 .debug_aranges
                0x000000a0       0x20 d:/imt_sdk_win_64/winavr/bin/../lib/gcc/avr/4.3.3/avr5\libgcc.a(_lt_sf.o)
 .debug_aranges
                0x000000c0       0x20 d:/imt_sdk_win_64/winavr/bin/../lib/gcc/avr/4.3.3/avr5\libgcc.a(_sf_to_si.o)
 .debug_aranges
                0x000000e0       0x20 d:/imt_sdk_win_64/winavr/bin/../lib/gcc/avr/4.3.3/avr5\libgcc.a(_usi_to_sf.o)
 .debug_aranges
                0x00000100       0x20 d:/imt_sdk_win_64/winavr/bin/../lib/gcc/avr/4.3.3/avr5\libgcc.a(_clzsi2.o)
 .debug_aranges
                0x00000120       0x20 d:/imt_sdk_win_64/winavr/bin/../lib/gcc/avr/4.3.3/avr5\libgcc.a(_pack_sf.o)
 .debug_aranges
                0x00000140       0x20 d:/imt_sdk_win_64/winavr/bin/../lib/gcc/avr/4.3.3/avr5\libgcc.a(_unpack_sf.o)
 .debug_aranges
                0x00000160       0x20 d:/imt_sdk_win_64/winavr/bin/../lib/gcc/avr/4.3.3/avr5\libgcc.a(_fpcmp_parts_sf.o)

.debug_pubnames
                0x00000000      0x1d3
 *(.debug_pubnames)
 .debug_pubnames
                0x00000000       0x23 d:/imt_sdk_win_64/winavr/bin/../lib/gcc/avr/4.3.3/avr5\libgcc.a(_fixunssfsi.o)
 .debug_pubnames
                0x00000023       0x2c d:/imt_sdk_win_64/winavr/bin/../lib/gcc/avr/4.3.3/avr5\libgcc.a(_addsub_sf.o)
 .debug_pubnames
                0x0000004f       0x1f d:/imt_sdk_win_64/winavr/bin/../lib/gcc/avr/4.3.3/avr5\libgcc.a(_mul_sf.o)
 .debug_pubnames
                0x0000006e       0x1e d:/imt_sdk_win_64/winavr/bin/../lib/gcc/avr/4.3.3/avr5\libgcc.a(_gt_sf.o)
 .debug_pubnames
                0x0000008c       0x1e d:/imt_sdk_win_64/winavr/bin/../lib/gcc/avr/4.3.3/avr5\libgcc.a(_ge_sf.o)
 .debug_pubnames
                0x000000aa       0x1e d:/imt_sdk_win_64/winavr/bin/../lib/gcc/avr/4.3.3/avr5\libgcc.a(_lt_sf.o)
 .debug_pubnames
                0x000000c8       0x20 d:/imt_sdk_win_64/winavr/bin/../lib/gcc/avr/4.3.3/avr5\libgcc.a(_sf_to_si.o)
 .debug_pubnames
                0x000000e8       0x22 d:/imt_sdk_win_64/winavr/bin/../lib/gcc/avr/4.3.3/avr5\libgcc.a(_thenan_sf.o)
 .debug_pubnames
                0x0000010a       0x24 d:/imt_sdk_win_64/winavr/bin/../lib/gcc/avr/4.3.3/avr5\libgcc.a(_usi_to_sf.o)
 .debug_pubnames
                0x0000012e       0x1f d:/imt_sdk_win_64/winavr/bin/../lib/gcc/avr/4.3.3/avr5\libgcc.a(_clzsi2.o)
 .debug_pubnames
                0x0000014d       0x1f d:/imt_sdk_win_64/winavr/bin/../lib/gcc/avr/4.3.3/avr5\libgcc.a(_pack_sf.o)
 .debug_pubnames
                0x0000016c       0x21 d:/imt_sdk_win_64/winavr/bin/../lib/gcc/avr/4.3.3/avr5\libgcc.a(_unpack_sf.o)
 .debug_pubnames
                0x0000018d       0x26 d:/imt_sdk_win_64/winavr/bin/../lib/gcc/avr/4.3.3/avr5\libgcc.a(_fpcmp_parts_sf.o)
 .debug_pubnames
                0x000001b3       0x20 d:/imt_sdk_win_64/winavr/bin/../lib/gcc/avr/4.3.3/avr5\libgcc.a(_clz.o)

.debug_info     0x00000000     0x200f
 *(.debug_info)
 .debug_info    0x00000000       0xb1 d:/imt_sdk_win_64/winavr/bin/../lib/gcc/avr/4.3.3/avr5\libgcc.a(_fixunssfsi.o)
 .debug_info    0x000000b1      0x47a d:/imt_sdk_win_64/winavr/bin/../lib/gcc/avr/4.3.3/avr5\libgcc.a(_addsub_sf.o)
 .debug_info    0x0000052b      0x485 d:/imt_sdk_win_64/winavr/bin/../lib/gcc/avr/4.3.3/avr5\libgcc.a(_mul_sf.o)
 .debug_info    0x000009b0      0x27f d:/imt_sdk_win_64/winavr/bin/../lib/gcc/avr/4.3.3/avr5\libgcc.a(_gt_sf.o)
 .debug_info    0x00000c2f      0x27f d:/imt_sdk_win_64/winavr/bin/../lib/gcc/avr/4.3.3/avr5\libgcc.a(_ge_sf.o)
 .debug_info    0x00000eae      0x27f d:/imt_sdk_win_64/winavr/bin/../lib/gcc/avr/4.3.3/avr5\libgcc.a(_lt_sf.o)
 .debug_info    0x0000112d      0x2b0 d:/imt_sdk_win_64/winavr/bin/../lib/gcc/avr/4.3.3/avr5\libgcc.a(_sf_to_si.o)
 .debug_info    0x000013dd      0x12c d:/imt_sdk_win_64/winavr/bin/../lib/gcc/avr/4.3.3/avr5\libgcc.a(_thenan_sf.o)
 .debug_info    0x00001509      0x206 d:/imt_sdk_win_64/winavr/bin/../lib/gcc/avr/4.3.3/avr5\libgcc.a(_usi_to_sf.o)
 .debug_info    0x0000170f      0x117 d:/imt_sdk_win_64/winavr/bin/../lib/gcc/avr/4.3.3/avr5\libgcc.a(_clzsi2.o)
 .debug_info    0x00001826      0x2df d:/imt_sdk_win_64/winavr/bin/../lib/gcc/avr/4.3.3/avr5\libgcc.a(_pack_sf.o)
 .debug_info    0x00001b05      0x251 d:/imt_sdk_win_64/winavr/bin/../lib/gcc/avr/4.3.3/avr5\libgcc.a(_unpack_sf.o)
 .debug_info    0x00001d56      0x210 d:/imt_sdk_win_64/winavr/bin/../lib/gcc/avr/4.3.3/avr5\libgcc.a(_fpcmp_parts_sf.o)
 .debug_info    0x00001f66       0xa9 d:/imt_sdk_win_64/winavr/bin/../lib/gcc/avr/4.3.3/avr5\libgcc.a(_clz.o)
 *(.gnu.linkonce.wi.*)

.debug_abbrev   0x00000000     0x1170
 *(.debug_abbrev)
 .debug_abbrev  0x00000000       0x5d d:/imt_sdk_win_64/winavr/bin/../lib/gcc/avr/4.3.3/avr5\libgcc.a(_fixunssfsi.o)
 .debug_abbrev  0x0000005d      0x1ea d:/imt_sdk_win_64/winavr/bin/../lib/gcc/avr/4.3.3/avr5\libgcc.a(_addsub_sf.o)
 .debug_abbrev  0x00000247      0x21b d:/imt_sdk_win_64/winavr/bin/../lib/gcc/avr/4.3.3/avr5\libgcc.a(_mul_sf.o)
 .debug_abbrev  0x00000462      0x15a d:/imt_sdk_win_64/winavr/bin/../lib/gcc/avr/4.3.3/avr5\libgcc.a(_gt_sf.o)
 .debug_abbrev  0x000005bc      0x15a d:/imt_sdk_win_64/winavr/bin/../lib/gcc/avr/4.3.3/avr5\libgcc.a(_ge_sf.o)
 .debug_abbrev  0x00000716      0x15a d:/imt_sdk_win_64/winavr/bin/../lib/gcc/avr/4.3.3/avr5\libgcc.a(_lt_sf.o)
 .debug_abbrev  0x00000870      0x17f d:/imt_sdk_win_64/winavr/bin/../lib/gcc/avr/4.3.3/avr5\libgcc.a(_sf_to_si.o)
 .debug_abbrev  0x000009ef       0xad d:/imt_sdk_win_64/winavr/bin/../lib/gcc/avr/4.3.3/avr5\libgcc.a(_thenan_sf.o)
 .debug_abbrev  0x00000a9c      0x157 d:/imt_sdk_win_64/winavr/bin/../lib/gcc/avr/4.3.3/avr5\libgcc.a(_usi_to_sf.o)
 .debug_abbrev  0x00000bf3       0xc4 d:/imt_sdk_win_64/winavr/bin/../lib/gcc/avr/4.3.3/avr5\libgcc.a(_clzsi2.o)
 .debug_abbrev  0x00000cb7      0x1c0 d:/imt_sdk_win_64/winavr/bin/../lib/gcc/avr/4.3.3/avr5\libgcc.a(_pack_sf.o)
 .debug_abbrev  0x00000e77      0x154 d:/imt_sdk_win_64/winavr/bin/../lib/gcc/avr/4.3.3/avr5\libgcc.a(_unpack_sf.o)
 .debug_abbrev  0x00000fcb      0x13b d:/imt_sdk_win_64/winavr/bin/../lib/gcc/avr/4.3.3/avr5\libgcc.a(_fpcmp_parts_sf.o)
 .debug_abbrev  0x00001106       0x6a d:/imt_sdk_win_64/winavr/bin/../lib/gcc/avr/4.3.3/avr5\libgcc.a(_clz.o)

.debug_line     0x00000000     0x1001
 *(.debug_line)
 .debug_line    0x00000000       0xa7 d:/imt_sdk_win_64/winavr/bin/../lib/gcc/avr/4.3.3/avr5\libgcc.a(_fixunssfsi.o)
 .debug_line    0x000000a7      0x2af d:/imt_sdk_win_64/winavr/bin/../lib/gcc/avr/4.3.3/avr5\libgcc.a(_addsub_sf.o)
 .debug_line    0x00000356      0x239 d:/imt_sdk_win_64/winavr/bin/../lib/gcc/avr/4.3.3/avr5\libgcc.a(_mul_sf.o)
 .debug_line    0x0000058f       0xd3 d:/imt_sdk_win_64/winavr/bin/../lib/gcc/avr/4.3.3/avr5\libgcc.a(_gt_sf.o)
 .debug_line    0x00000662       0xd3 d:/imt_sdk_win_64/winavr/bin/../lib/gcc/avr/4.3.3/avr5\libgcc.a(_ge_sf.o)
 .debug_line    0x00000735       0xd3 d:/imt_sdk_win_64/winavr/bin/../lib/gcc/avr/4.3.3/avr5\libgcc.a(_lt_sf.o)
 .debug_line    0x00000808      0x109 d:/imt_sdk_win_64/winavr/bin/../lib/gcc/avr/4.3.3/avr5\libgcc.a(_sf_to_si.o)
 .debug_line    0x00000911       0x90 d:/imt_sdk_win_64/winavr/bin/../lib/gcc/avr/4.3.3/avr5\libgcc.a(_thenan_sf.o)
 .debug_line    0x000009a1      0x133 d:/imt_sdk_win_64/winavr/bin/../lib/gcc/avr/4.3.3/avr5\libgcc.a(_usi_to_sf.o)
 .debug_line    0x00000ad4       0xa5 d:/imt_sdk_win_64/winavr/bin/../lib/gcc/avr/4.3.3/avr5\libgcc.a(_clzsi2.o)
 .debug_line    0x00000b79      0x18a d:/imt_sdk_win_64/winavr/bin/../lib/gcc/avr/4.3.3/avr5\libgcc.a(_pack_sf.o)
 .debug_line    0x00000d03      0x14b d:/imt_sdk_win_64/winavr/bin/../lib/gcc/avr/4.3.3/avr5\libgcc.a(_unpack_sf.o)
 .debug_line    0x00000e4e      0x137 d:/imt_sdk_win_64/winavr/bin/../lib/gcc/avr/4.3.3/avr5\libgcc.a(_fpcmp_parts_sf.o)
 .debug_line    0x00000f85       0x7c d:/imt_sdk_win_64/winavr/bin/../lib/gcc/avr/4.3.3/avr5\libgcc.a(_clz.o)

.debug_frame    0x00000000      0x1a0
 *(.debug_frame)
 .debug_frame   0x00000000       0x20 d:/imt_sdk_win_64/winavr/bin/../lib/gcc/avr/4.3.3/avr5\libgcc.a(_fixunssfsi.o)
 .debug_frame   0x00000020       0x40 d:/imt_sdk_win_64/winavr/bin/../lib/gcc/avr/4.3.3/avr5\libgcc.a(_addsub_sf.o)
 .debug_frame   0x00000060       0x20 d:/imt_sdk_win_64/winavr/bin/../lib/gcc/avr/4.3.3/avr5\libgcc.a(_mul_sf.o)
 .debug_frame   0x00000080       0x20 d:/imt_sdk_win_64/winavr/bin/../lib/gcc/avr/4.3.3/avr5\libgcc.a(_gt_sf.o)
 .debug_frame   0x000000a0       0x20 d:/imt_sdk_win_64/winavr/bin/../lib/gcc/avr/4.3.3/avr5\libgcc.a(_ge_sf.o)
 .debug_frame   0x000000c0       0x20 d:/imt_sdk_win_64/winavr/bin/../lib/gcc/avr/4.3.3/avr5\libgcc.a(_lt_sf.o)
 .debug_frame   0x000000e0       0x20 d:/imt_sdk_win_64/winavr/bin/../lib/gcc/avr/4.3.3/avr5\libgcc.a(_sf_to_si.o)
 .debug_frame   0x00000100       0x20 d:/imt_sdk_win_64/winavr/bin/../lib/gcc/avr/4.3.3/avr5\libgcc.a(_usi_to_sf.o)
 .debug_frame   0x00000120       0x20 d:/imt_sdk_win_64/winavr/bin/../lib/gcc/avr/4.3.3/avr5\libgcc.a(_clzsi2.o)
 .debug_frame   0x00000140       0x20 d:/imt_sdk_win_64/winavr/bin/../lib/gcc/avr/4.3.3/avr5\libgcc.a(_pack_sf.o)
 .debug_frame   0x00000160       0x20 d:/imt_sdk_win_64/winavr/bin/../lib/gcc/avr/4.3.3/avr5\libgcc.a(_unpack_sf.o)
 .debug_frame   0x00000180       0x20 d:/imt_sdk_win_64/winavr/bin/../lib/gcc/avr/4.3.3/avr5\libgcc.a(_fpcmp_parts_sf.o)

.debug_str      0x00000000      0x2c1
 *(.debug_str)
 .debug_str     0x00000000       0xbf d:/imt_sdk_win_64/winavr/bin/../lib/gcc/avr/4.3.3/avr5\libgcc.a(_fixunssfsi.o)
                                 0xfe (size before relaxing)
 .debug_str     0x000000bf      0x14d d:/imt_sdk_win_64/winavr/bin/../lib/gcc/avr/4.3.3/avr5\libgcc.a(_addsub_sf.o)
                                0x206 (size before relaxing)
 .debug_str     0x0000020c       0x27 d:/imt_sdk_win_64/winavr/bin/../lib/gcc/avr/4.3.3/avr5\libgcc.a(_mul_sf.o)
                                0x1bf (size before relaxing)
 .debug_str     0x00000233        0x8 d:/imt_sdk_win_64/winavr/bin/../lib/gcc/avr/4.3.3/avr5\libgcc.a(_gt_sf.o)
                                0x195 (size before relaxing)
 .debug_str     0x0000023b        0x8 d:/imt_sdk_win_64/winavr/bin/../lib/gcc/avr/4.3.3/avr5\libgcc.a(_ge_sf.o)
                                0x195 (size before relaxing)
 .debug_str     0x00000243        0x8 d:/imt_sdk_win_64/winavr/bin/../lib/gcc/avr/4.3.3/avr5\libgcc.a(_lt_sf.o)
                                0x195 (size before relaxing)
 .debug_str     0x0000024b        0xa d:/imt_sdk_win_64/winavr/bin/../lib/gcc/avr/4.3.3/avr5\libgcc.a(_sf_to_si.o)
                                0x19e (size before relaxing)
 .debug_str     0x00000000      0x103 d:/imt_sdk_win_64/winavr/bin/../lib/gcc/avr/4.3.3/avr5\libgcc.a(_thenan_sf.o)
 .debug_str     0x00000255       0x21 d:/imt_sdk_win_64/winavr/bin/../lib/gcc/avr/4.3.3/avr5\libgcc.a(_usi_to_sf.o)
                                0x177 (size before relaxing)
 .debug_str     0x00000276       0x20 d:/imt_sdk_win_64/winavr/bin/../lib/gcc/avr/4.3.3/avr5\libgcc.a(_clzsi2.o)
                                0x111 (size before relaxing)
 .debug_str     0x00000296       0x10 d:/imt_sdk_win_64/winavr/bin/../lib/gcc/avr/4.3.3/avr5\libgcc.a(_pack_sf.o)
                                0x19d (size before relaxing)
 .debug_str     0x000002a6        0xb d:/imt_sdk_win_64/winavr/bin/../lib/gcc/avr/4.3.3/avr5\libgcc.a(_unpack_sf.o)
                                0x17f (size before relaxing)
 .debug_str     0x000002b1       0x10 d:/imt_sdk_win_64/winavr/bin/../lib/gcc/avr/4.3.3/avr5\libgcc.a(_fpcmp_parts_sf.o)
                                0x163 (size before relaxing)
 .debug_str     0x00000000       0xf4 d:/imt_sdk_win_64/winavr/bin/../lib/gcc/avr/4.3.3/avr5\libgcc.a(_clz.o)

.debug_loc      0x00000000      0x8ae
 *(.debug_loc)
 .debug_loc     0x00000000       0x34 d:/imt_sdk_win_64/winavr/bin/../lib/gcc/avr/4.3.3/avr5\libgcc.a(_fixunssfsi.o)
 .debug_loc     0x00000034      0x32a d:/imt_sdk_win_64/winavr/bin/../lib/gcc/avr/4.3.3/avr5\libgcc.a(_addsub_sf.o)
 .debug_loc     0x0000035e      0x104 d:/imt_sdk_win_64/winavr/bin/../lib/gcc/avr/4.3.3/avr5\libgcc.a(_mul_sf.o)
 .debug_loc     0x00000462       0x3c d:/imt_sdk_win_64/winavr/bin/../lib/gcc/avr/4.3.3/avr5\libgcc.a(_gt_sf.o)
 .debug_loc     0x0000049e       0x3c d:/imt_sdk_win_64/winavr/bin/../lib/gcc/avr/4.3.3/avr5\libgcc.a(_ge_sf.o)
 .debug_loc     0x000004da       0x3c d:/imt_sdk_win_64/winavr/bin/../lib/gcc/avr/4.3.3/avr5\libgcc.a(_lt_sf.o)
 .debug_loc     0x00000516       0x7e d:/imt_sdk_win_64/winavr/bin/../lib/gcc/avr/4.3.3/avr5\libgcc.a(_sf_to_si.o)
 .debug_loc     0x00000594       0x4c d:/imt_sdk_win_64/winavr/bin/../lib/gcc/avr/4.3.3/avr5\libgcc.a(_usi_to_sf.o)
 .debug_loc     0x000005e0       0x94 d:/imt_sdk_win_64/winavr/bin/../lib/gcc/avr/4.3.3/avr5\libgcc.a(_clzsi2.o)
 .debug_loc     0x00000674      0x13e d:/imt_sdk_win_64/winavr/bin/../lib/gcc/avr/4.3.3/avr5\libgcc.a(_pack_sf.o)
 .debug_loc     0x000007b2       0xac d:/imt_sdk_win_64/winavr/bin/../lib/gcc/avr/4.3.3/avr5\libgcc.a(_unpack_sf.o)
 .debug_loc     0x0000085e       0x50 d:/imt_sdk_win_64/winavr/bin/../lib/gcc/avr/4.3.3/avr5\libgcc.a(_fpcmp_parts_sf.o)

.debug_macinfo
 *(.debug_macinfo)
OUTPUT(AT_Mega_32.elf elf32-avr)
LOAD linker stubs

.debug_ranges   0x00000000       0x50
 .debug_ranges  0x00000000       0x50 d:/imt_sdk_win_64/winavr/bin/../lib/gcc/avr/4.3.3/avr5\libgcc.a(_mul_sf.o)
